         968         992           9         512        3872         992           0
         309           8         568         561         564
         308         568         567         564         566
         307         567         560         566         559
         307         560         580         559         579
         313         580         569         579         570
         313         569         604         570         571
         315         604         727         571         726
         362         727         693         726         662
         363         693         692         662         664
         505         932         931         919         901
         505         931         930         901         902
         507         930         951         902         908
         506         951         950         908         949
         439         950         792         949         790
         439         792         791         790         796
         437         791         803         796         795
         434         803         807         795         806
         442         807         802         806         801
         446         802         992         801         991
         201         992         974         991         362
         207         974         358         362         361
         205         358         357         361         360
         205         357         383         360         364
         193         383         382         364         354
         199         382         350         354         353
         197         350         349         353         352
         197         349         467         352         466
         187         467         314         466         320
         187         314         316         320         319
         184         316         325         319         321
         189         325         324         321         323
         183         324         313         323         308
         183         313         310         308         309
         181         310         486         309         485
           3         486           9         485          13
           2           9          15          13          14
           7          15          10          14          11
           7          10          27          11          26
          15          27          18          26          23
          15          18          22          23          21
          10          22         244          21         243
          92         244         225         243         224
         123         225         191         224         223
         123         191         200         223         222
         115         200         180         222         221
         115         180         181         221         220
         113         181         186         220         219
         112         186         185         219         218
         308         561         564         562         563
         311         564         566         563         565
         306         566         559         565         577
         306         559         579         577         578
         314         579         570         578         576
         314         570         571         576         575
         315         571         726         575         725
         361         726         662         725         661
         362         662         664         661         666
         504         919         901         918         906
         504         901         902         906         905
         506         902         908         905         907
         510         908         949         907         948
         438         949         790         948         794
         438         790         796         794         793
         435         796         795         793         789
         434         795         806         789         805
         447         806         801         805         800
         446         801         991         800         990
         201         991         362         990         356
         203         362         361         356         355
         203         361         360         355         359
         204         360         364         359         363
         193         364         354         363         348
         195         354         353         348         347
         195         353         352         347         351
         196         352         466         351         465
         191         466         320         465         317
         191         320         319         317         318
         188         319         321         318         332
         189         321         323         332         331
         182         323         308         331         330
         182         308         309         330         329
         181         309         485         329         484
           2         485          13         484          51
           5          13          14          51          50
           5          14          11          50          49
           4          11          26          49          25
           9          26          23          25          17
          11          23          21          17          16
          10          21         243          16         242
          93         243         224         242         143
          92         224         223         143         144
          95         223         222         144         150
          95         222         221         150         149
          87         221         220         149         133
          87         220         219         133         135
          85         219         218         135           7
         310         562         563         588         587
         310         563         565         587         586
         311         565         577         586         585
         317         577         578         585         572
         317         578         576         572         574
         319         576         575         574         573
         319         575         725         573         724
         361         725         661         724         708
         360         661         666         708         707
         509         918         906         917         912
         509         906         905         912         904
         511         905         907         904         903
         510         907         948         903         947
         433         948         794         947         829
         433         794         793         829         828
         432         793         789         828         827
         435         789         805         827         804
         445         805         800         804         799
         447         800         990         799         989
         200         990         356         989         448
         202         356         355         448         447
         202         355         359         447         446
         204         359         363         446         445
         192         363         348         445         444
         194         348         347         444         443
         194         347         351         443         442
         196         351         465         442         464
         190         465         317         464         328
         190         317         318         328         327
         188         318         332         327         326
         175         332         331         326         306
         167         331         330         306         290
         167         330         329         290         292
         165         329         484         292         483
          31         484          51         483          35
          31          51          50          35          37
          29          50          49          37          48
           4          49          25          48          47
           9          25          17          47          46
           8          17          16          46          45
          11          16         242          45         241
          93         242         143         241         146
          94         143         144         146         145
          94         144         150         145         148
          82         150         149         148         140
          86         149         133         140         139
          86         133         135         139         134
          85         135           7         134         132
         303         588         587         549         548
         303         587         586         548         551
         301         586         585         551         584
         316         585         572         584         583
         316         572         574         583         582
         318         574         573         582         581
         318         573         724         581         723
         327         724         708         723         607
         327         708         707         607         608
         503         917         912         916         911
         508         912         904         911         910
         508         904         903         910         909
         511         903         947         909         946
         406         947         829         946         748
         407         829         828         748         763
         407         828         827         763         826
         444         827         804         826         825
         444         804         799         825         824
         445         799         989         824         988
         255         989         448         988         418
         255         448         447         418         417
         254         447         446         417         425
         247         446         445         425         409
         247         445         444         409         413
         242         444         443         413         412
         243         443         442         412         408
         243         442         464         408         463
         170         464         328         463         302
         174         328         327         302         301
         174         327         326         301         298
         175         326         306         298         305
         166         306         290         305         295
         166         290         292         295         291
         165         292         483         291         482
          30         483          35         482          40
          30          35          37          40          36
          29          37          48          36          44
          23          48          47          44          29
          20          47          46          29          28
          21          46          45          28         239
          21          45         241         239         240
          89         241         146         240         142
          91         146         145         142         141
          91         145         148         141         147
          83         148         140         147         131
          82         140         139         131         138
          84         139         134         138         137
          84         134         132         137         136
         302         549         548         555         554
         302         548         551         554         550
         301         551         584         550         558
         291         584         583         558         544
         291         583         582         544         543
         290         582         581         543         537
         289         581         723         537         722
         326         723         607         722         611
         326         607         608         611         610
         503         916         911         915         898
         502         911         910         898         900
         499         910         909         900         895
         499         909         946         895         945
         405         946         748         945         747
         406         748         763         747         762
         415         763         826         762         754
         415         826         825         754         753
         414         825         824         753         758
         409         824         988         758         987
         253         988         418         987         416
         253         418         417         416         421
         254         417         425         421         424
         246         425         409         424         423
         246         409         413         423         410
         245         413         412         410         411
         242         412         408         411         407
         241         408         463         407         462
         171         463         302         462         296
         170         302         301         296         300
         173         301         298         300         297
         173         298         305         297         304
         161         305         295         304         294
         164         295         291         294         293
         164         291         482         293         481
          25         482          40         481          39
          28          40          36          39          38
          28          36          44          38          43
          23          44          29          43          33
          22          29          28          33          32
          20          28         239          32         238
          88         239         240         238         158
          89         240         142         158         157
          90         142         141         157         156
          90         141         147         156         155
          83         147         131         155         154
          81         131         138         154         153
          81         138         137         153         152
          80         137         136         152         151
         297         555         554           6         553
         300         554         550         553         552
         300         550         558         552         557
         295         558         544         557         538
         295         544         543         538         542
         290         543         537         542         541
         289         537         722         541         721
         322         722         611         721         606
         321         611         610         606         605
         501         915         898         914         897
         502         898         900         897         899
         498         900         895         899         896
         498         895         945         896         944
         405         945         747         944         750
         404         747         762         750         761
         413         762         754         761         752
         413         754         753         752         757
         414         753         758         757         756
         409         758         987         756         986
         252         987         416         986         420
         252         416         421         420         419
         249         421         424         419         414
         249         424         423         414         422
         244         423         410         422         433
         245         410         411         433         432
         240         411         407         432         431
         241         407         462         431         461
         171         462         296         461         346
         169         296         300         346         345
         172         300         297         345         299
         172         297         304         299         303
         161         304         294         303         289
         163         294         293         289         288
         163         293         481         288         480
          25         481          39         480          34
          27          39          38          34          42
          27          38          43          42          41
          17          43          33          41          31
          22          33          32          31          30
          19          32         238          30         237
          77         238         158         237         236
          77         158         157         236         123
          79         157         156         123         122
          79         156         155         122         130
          71         155         154         130         116
          71         154         153         116         115
          70         153         152         115         120
          65         152         151         120           5
         297           6         553         545         547
         299         553         552         547         546
         299         552         557         546         556
         294         557         538         556         540
         294         538         542         540         539
         293         542         541         539         603
         288         541         721         603         720
         323         721         606         720         650
         322         606         605         650         649
         500         914         897         929         928
         500         897         899         928         927
         497         899         896         927         943
         496         896         944         943         942
         402         944         750         942         749
         404         750         761         749         760
         412         761         752         760         759
         412         752         757         759         755
         411         757         756         755         751
         408         756         986         751         985
         251         986         420         985         415
         251         420         419         415         430
         248         419         414         430         429
         248         414         422         429         428
         244         422         433         428         427
         229         433         432         427         392
         229         432         431         392         393
         230         431         461         393         460
         155         461         346         460         269
         155         346         345         269         344
         169         345         299         344         343
         168         299         303         343         342
         160         303         289         342         341
         162         289         288         341         340
         162         288         480         340         479
          24         480          34         479         110
          26          34          42         110         109
          16          42          41         109         107
          17          41          31         107         106
          18          31          30         106         105
          18          30         237         105         104
          19         237         236         104         235
          76         236         123         235         126
          78         123         122         126         125
          78         122         130         125         129
          69         130         116         129         114
          69         116         115         114         119
          70         115         120         119         118
          65         120           5         118         111
         296         545         547         602         601
         298         547         546         601         600
         298         546         556         600         599
         292         556         540         599         598
         292         540         539         598         597
         293         539         603         597         596
         278         603         720         596         719
         323         720         650         719         648
         339         650         649         648         626
         463         929         928         848         839
         463         928         927         839         926
         497         927         943         926         941
         403         943         942         941         771
         402         942         749         771         746
         401         749         760         746         770
         400         760         759         770         769
         410         759         755         769         768
         410         755         751         768         767
         411         751         985         767         984
         250         985         415         984         983
         250         415         430         983         426
         237         430         429         426         398
         237         429         428         398         406
         228         428         427         406         405
         228         427         392         405         395
         231         392         393         395         394
         230         393         460         394         459
         154         460         269         459         270
         154         269         344         270         275
         159         344         343         275         271
         159         343         342         271         279
         151         342         341         279         263
         151         341         340         263         265
         149         340         479         265         478
          26         479         110         478         108
          53         110         109         108          75
          49         109         107          75          74
          49         107         106          74          69
          48         106         105          69          87
          63         105         104          87          78
          63         104         235          78         234
          76         235         126         234         124
          75         126         125         124         121
          73         125         129         121         128
          68         129         114         128         127
          68         114         119         127         117
          67         119         118         117         113
          64         118         111         113         112
         287         602         601         519         518
         287         601         600         518         517
         286         600         599         517         528
         277         599         598         528         527
         277         598         597         527         511
         279         597         596         511         510
         278         596         719         510         718
         338         719         648         718         631
         338         648         626         631         630
         339         626         625         630         641
         337         625         643         641         642
         345         643         647         642         632
         346         647         973         632         972
         455         973         834         972         971
         455         834         833         971         836
         454         833         832         836         835
         454         832         848         835         847
         462         848         839         847         841
         462         839         926         841         840
         461         926         941         840         940
         396         941         771         940         766
         403         771         746         766         765
         401         746         770         765         764
         394         770         769         764         745
         391         769         768         745         731
         391         768         767         731         730
         390         767         984         730         735
         385         984         983         735         982
         239         983         426         982         397
         239         426         398         397         402
         236         398         406         402         401
         236         406         405         401         404
         227         405         395         404         390
         227         395         394         390         458
         231         394         459         458         457
         153         459         270         457         273
         152         270         275         273         274
         158         275         271         274         272
         158         271         279         272         278
         150         279         263         278         268
         150         263         265         268         264
         149         265         478         264         477
          52         478         108         477          70
          53         108          75          70          71
          54          75          74          71          73
          51          74          69          73          85
          51          69          87          85          86
          62          87          78          86          79
          62          78         234          79         233
          74         234         124         233         217
          75         124         121         217         216
          73         121         128         216         214
          72         128         127         214         213
          66         127         117         213         212
          66         117         113         212         211
          67         113         112         211         210
         285         519         518         516         515
         285         518         517         515         524
         286         517         528         524         523
         282         528         527         523         526
         276         527         511         526         513
         276         511         510         513         512
         279         510         718         512         717
         343         718         631         717         627
         343         631         630         627         629
         341         630         641         629         640
         344         641         642         640         638
         345         642         632         638         637
         347         632         972         637         636
         347         972         971         636         970
         450         971         836         970         831
         451         836         835         831         845
         451         835         847         845         846
         460         847         841         846         843
         460         841         840         843         842
         461         840         940         842         939
         397         940         766         939         737
         396         766         765         737         741
         395         765         764         741         739
         394         764         745         739         744
         389         745         731         744         729
         389         731         730         729         734
         390         730         735         734         733
         385         735         982         733         981
         238         982         397         981         400
         238         397         402         400         399
         233         402         401         399         396
         233         401         404         396         403
         226         404         390         403         391
         226         390         458         391         456
         134         458         457         456         287
         153         457         273         287         286
         156         273         274         286         285
         157         274         272         285         277
         157         272         278         277         276
         146         278         268         276         267
         148         268         264         267         266
         148         264         477         266         476
          52         477          70         476          96
          55          70          71          96          95
          54          71          73          95          72
          50          73          85          72          84
          61          85          86          84          82
          61          86          79          82          81
          60          79         233          81         232
          74         233         217         232         215
         103         217         216         215         160
         103         216         214         160         162
         101         214         213         162         179
         111         213         212         179         169
         111         212         211         169         171
         109         211         210         171           4
         284         516         515         522         521
         284         515         524         521         520
         283         524         523         520         514
         282         523         526         514         525
         275         526         513         525         508
         275         513         512         508         509
         273         512         717         509         716
         342         717         627         716         715
         342         627         629         715         628
         341         629         640         628         639
         349         640         638         639         633
         349         638         637         633         635
         351         637         636         635         634
         351         636         970         634         969
         449         970         831         969         830
         450         831         845         830         844
         459         845         846         844         837
         459         846         843         837         838
         457         843         842         838         873
         456         842         939         873         938
         397         939         737         938         736
         399         737         741         736         740
         399         741         739         740         738
         395         739         744         738         743
         388         744         729         743         742
         388         729         734         742         732
         387         734         733         732         728
         384         733         981         728         980
         235         981         400         980         441
         235         400         399         441         440
         234         399         396         440         439
         232         396         403         439         438
         225         403         391         438         437
         225         391         456         437         455
         135         456         287         455         248
         134         287         286         248         247
         132         286         285         247         284
         156         285         277         284         283
         147         277         276         283         282
         146         276         267         282         262
         145         267         266         262         475
         144         266         476         475         474
          47         476          96         474          60
          47          96          95          60          94
          55          95          72          94          93
          50          72          84          93          83
          59          84          82          83          77
          59          82          81          77          80
          60          81         232          80         231
          98         232         215         231         166
         102         215         160         166         165
         102         160         162         165         161
         101         162         179         161         178
         110         179         169         178         175
         110         169         171         175         170
         109         171           4         170         168
         281         522         521         536         535
         281         521         520         535         534
         280         520         514         534         533
         283         514         525         533         532
         274         525         508         532         531
         274         508         509         531         530
         273         509         716         530         529
         272         716         715         529         714
         340         715         628         714         706
         340         628         639         706         705
         348         639         633         705         704
         348         633         635         704         703
         350         635         634         703         702
         350         634         969         702         968
         449         969         830         968         871
         448         830         844         871         870
         458         844         837         870         869
         458         837         838         869         868
         457         838         873         868         872
         469         873         938         872         937
         398         938         736         937         823
         398         736         740         823         822
         393         740         738         822         821
         393         738         743         821         820
         392         743         742         820         819
         386         742         732         819         818
         386         732         728         818         817
         387         728         980         817         979
         215         980         441         979         367
         215         441         440         367         436
         234         440         439         436         435
         223         439         438         435         373
         223         438         437         373         434
         224         437         455         434         454
         135         455         248         454         250
         133         248         247         250         249
         132         247         284         249         261
         141         284         283         261         257
         139         283         282         257         281
         147         282         262         281         280
         145         262         475         280         473
          45         475         474         473          62
          46         474          60          62          61
          46          60          94          61          68
          39          94          93          68          92
          58          93          83          92          91
          58          83          77          91          90
          57          77          80          90          76
          57          80         231          76         230
          99         231         166         230         159
          98         166         165         159         164
         100         165         161         164         163
         100         161         178         163         177
         107         178         175         177         174
         108         175         170         174         173
         108         170         168         173         172
         267         536         535         503         502
         267         535         534         502         501
         266         534         533         501         493
         265         533         532         493         507
         263         532         531         507         488
         263         531         530         488         489
         261         530         529         489         712
         261         529         714         712         713
         383         714         706         713         680
         383         706         705         680         689
         373         705         704         689         673
         373         704         703         673         675
         375         703         702         675         674
         375         702         968         674         967
         479         968         871         967         858
         479         871         870         858         860
         477         870         869         860         867
         468         869         868         867         852
         468         868         872         852         851
         469         872         937         851         936
         423         937         823         936         772
         423         823         822         772         774
         421         822         821         774         788
         431         821         820         788         781
         431         820         819         781         783
         429         819         818         783         785
         427         818         817         785         779
         427         817         979         779         978
         214         979         367         978         369
         214         367         436         369         368
         213         436         435         368         381
         222         435         373         381         380
         222         373         434         380         374
         220         434         454         374         453
         131         454         250         453         245
         131         250         249         245         259
         133         249         261         259         260
         141         261         257         260         256
         139         257         281         256         255
         138         281         280         255         251
         138         280         473         251         472
          45         473          62         472          63
          44          62          61          63          67
          44          61          68          67          66
          39          68          92          66          55
          38          92          91          55          57
          33          91          90          57          89
          56          90          76          89          88
          56          76         230          88         229
          99         230         159         229         209
          97         159         164         209         208
          97         164         163         208         207
          96         163         177         207         176
         107         177         174         176         167
         105         174         173         167         205
         104         173         172         205         204
         271         503         502         495         494
         271         502         501         494         500
         266         501         493         500         499
         265         493         507         499         506
         262         507         488         506         492
         262         488         489         492         491
         260         489         712         491         711
         381         712         713         711         682
         382         713         680         682         681
         382         680         689         681         688
         372         689         673         688         687
         372         673         675         687         677
         374         675         674         677         676
         374         674         967         676         966
         478         967         858         966         863
         478         858         860         863         859
         477         860         867         859         866
         471         867         852         866         855
         471         852         851         855         854
         470         851         936         854         935
         422         936         772         935         778
         422         772         774         778         773
         421         774         788         773         787
         430         788         781         787         786
         430         781         783         786         782
         429         783         785         782         784
         426         785         779         784         780
         426         779         978         780         977
         212         978         369         977         371
         212         369         368         371         370
         213         368         381         370         378
         211         381         380         378         379
         221         380         374         379         376
         220         374         453         376         452
         130         453         245         452         246
         130         245         259         246         258
         140         259         260         258         252
         140         260         256         252         253
         143         256         255         253         254
         137         255         251         254         339
         136         251         472         339         471
          43         472          63         471          58
          43          63          67          58          65
          37          67          66          65          64
          37          66          55          64          54
          38          55          57          54          56
          33          57          89          56          53
          35          89          88          53          52
          35          88         229          52         228
         125         229         209         228         192
         125         209         208         192         193
         127         208         207         193         206
         106         207         176         206         202
         106         176         167         202         201
         105         167         205         201         203
         117         205         204         203           3
         270         495         494         498         497
         270         494         500         497         496
         269         500         499         496         505
         264         499         506         505         504
         257         506         492         504         487
         259         492         491         487         490
         260         491         711         490         710
         381         711         682         710         685
         380         682         681         685         684
         380         681         688         684         683
         377         688         687         683         686
         369         687         677         686         672
         369         677         676         672         671
         368         676         966         671         965
         473         966         863         965         862
         476         863         859         862         861
         476         859         866         861         865
         465         866         855         865         850
         464         855         854         850         853
         470         854         935         853         934
         418         935         778         934         777
         420         778         773         777         776
         420         773         787         776         775
         417         787         786         775         816
         428         786         782         816         815
         428         782         784         815         813
         425         784         780         813         812
         425         780         977         812         976
         209         977         371         976         366
         210         371         370         366         365
         211         370         378         365         377
         217         378         379         377         372
         219         379         376         372         375
         221         376         452         375         451
         129         452         246         451         450
         129         246         258         450         337
         142         258         252         337         336
         142         252         253         336         334
         143         253         254         334         333
         137         254         339         333         338
         177         339         471         338         470
          42         471          58         470         469
          42          58          65         469          59
          41          65          64          59         103
          36          64          54         103         102
          36          54          56         102         101
          32          56          53         101         100
          34          53          52         100          99
          34          52         228          99         227
         124         228         192         227         196
         124         192         193         196         195
         127         193         206         195         194
         126         206         202         194         199
         116         202         201         199         184
         116         201         203         184         183
         117         203           3         183         182
         268         498         497         595         594
         268         497         496         594         593
         269         496         505         593         592
         256         505         504         592         591
         257         504         487         591         590
         259         487         490         590         589
         258         490         710         589         709
         379         710         685         709         678
         379         685         684         678         679
         376         684         683         679         696
         377         683         686         696         695
         370         686         672         695         694
         371         672         671         694         963
         371         671         965         963         964
         473         965         862         964         857
         475         862         861         857         856
         475         861         865         856         864
         465         865         850         864         849
         467         850         853         849         924
         467         853         934         924         933
         419         934         777         933         810
         418         777         776         810         809
         416         776         775         809         808
         417         775         816         808         814
         443         816         815         814         798
         441         815         813         798         797
         441         813         812         797         811
         424         812         976         811         975
         209         976         366         975         389
         208         366         365         389         388
         210         365         377         388         387
         217         377         372         387         386
         219         372         375         386         385
         218         375         451         385         384
         218         451         450         384         449
         128         450         337         449         335
         185         337         336         335         315
         185         336         334         315         322
         179         334         333         322         307
         179         333         338         307         312
         177         338         470         312         311
         176         470         469         311         468
          40         469          59         468          98
          41          59         103          98          97
           1         103         102          97          12
           1         102         101          12          24
          13         101         100          24          20
          13         100          99          20          19
          12          99         227          19         226
         121         227         196         226         189
         121         196         195         189         190
         122         195         194         190         198
         126         194         199         198         197
         119         199         184         197         188
         119         184         183         188         187
         118         183         182         187           2
         309         595         594           8         568
         305         594         593         568         567
         305         593         592         567         560
         304         592         591         560         580
         312         591         590         580         569
         312         590         589         569         604
         258         589         709         604         727
         378         709         678         727         693
         378         678         679         693         692
         376         679         696         692         691
         365         696         695         691         670
         365         695         694         670         690
         370         694         963         690         962
         495         963         964         962         925
         472         964         857         925         921
         474         857         856         921         920
         474         856         864         920         932
         466         864         849         932         931
         466         849         924         931         930
         507         924         933         930         951
         419         933         810         951         950
         436         810         809         950         792
         436         809         808         792         791
         437         808         814         791         803
         443         814         798         803         807
         442         798         797         807         802
         440         797         811         802         992
         440         811         975         992         974
         207         975         389         974         358
         206         389         388         358         357
         206         388         387         357         383
         216         387         386         383         382
         199         386         385         382         350
         198         385         384         350         349
         198         384         449         349         467
         186         449         335         467         314
         186         335         315         314         316
         184         315         322         316         325
         178         322         307         325         324
         178         307         312         324         313
         180         312         311         313         310
         180         311         468         310         486
           3         468          98         486           9
           0          98          97           9          15
           6          97          12          15          10
           6          12          24          10          27
          14          24          20          27          18
          14          20          19          18          22
          12          19         226          22         244
         120         226         189         244         225
         120         189         190         225         191
         122         190         198         191         200
         114         198         197         200         180
         114         197         188         180         181
         113         188         187         181         186
         118         187           2         186         185
         331         961         960         613         612
         487         883         882         878         877
         331         960         959         612         614
         487         882         881         877         879
         483         875         874         883         882
         483         874         876         882         881
         486         878         877         961         960
         486         877         879         960         959
         481         876         890         881         880
         484         881         880         879         913
         485         879         923         959         958
         329         959         958         614         957
         485         879         913         923         922
         480         890         916         880         915
         484         880         915         913         914
         501         913         914         922         929
         453         922         929         832         848
         453         923         922         833         832
         452         958         923         834         833
         452         957         958         973         834
         335         616         615         701         700
         333         621         620         618         617
         335         615         624         700         699
         333         620         619         617         623
         330         613         612         621         620
         330         612         614         620         619
         334         618         617         616         615
         334         617         623         615         624
         329         614         957         619         646
         332         619         646         623         645
         325         623         622         624         609
         325         624         609         699         698
         332         623         645         622         644
         328         957         973         646         647
         346         646         647         645         643
         337         645         643         644         625
         336         644         625         649         626
         320         622         644         605         649
         321         609         622         610         605
         324         698         609         608         610
         354         651         660         657         658
         355         654         653           1         652
         357         660         659         658         656
         353         653         669         652         668
         352         701         700         654         653
         353         700         699         653         669
         355           1         652         651         660
         354         652         668         660         659
         367         699         698         669         697
         367         669         697         668         663
         359         668         667         659         655
         359         659         655         656         952
         364         668         663         667         665
         324         698         608         697         707
         366         697         707         663         666
         366         663         666         665         664
         363         665         664         691         692
         364         667         665         670         691
         358         655         667         690         670
         358         952         655         962         690
         482         894         893         875         874
         491         956         955         885         884
         482         893         892         874         876
         491         955         954         884         889
         356         657         658         956         955
         356         658         656         955         954
         490         885         884         894         893
         490         884         889         893         892
         357         656         952         954         953
         494         954         953         889         887
         489         889         888         892         891
         481         892         891         876         890
         493         889         887         888         886
         495         952         962         953         925
         494         953         925         887         921
         493         887         921         886         920
         492         886         920         919         932
         492         888         886         918         919
         489         891         888         917         918
         488         890         891         916         917
